-- Found ament_cmake: 1.3.14 (/opt/ros/humble/share/ament_cmake/cmake)
-- Override CMake install command with custom implementation using symlinks instead of copying resources
-- Configuring done
-- Generating done
-- Build files have been written to: /workspace/ros2_ws/build/simandplay
-- Install configuration: ""
-- Execute custom install script
-- Up-to-date symlink: /workspace/ros2_ws/install/simandplay/share/simandplay/launch/sim.launch.py
-- Up-to-date symlink: /workspace/ros2_ws/install/simandplay/share/simandplay/urdf/robot.urdf.xacro
-- Up-to-date symlink: /workspace/ros2_ws/install/simandplay/share/simandplay/worlds/simple_room.sdf
-- Up-to-date symlink: /workspace/ros2_ws/install/simandplay/share/simandplay/config/foxglove_layout.json
-- Symlinking: /workspace/ros2_ws/install/simandplay/share/simandplay/models/robot.sdf
-- Up-to-date symlink: /workspace/ros2_ws/install/simandplay/share/ament_index/resource_index/package_run_dependencies/simandplay
-- Up-to-date symlink: /workspace/ros2_ws/install/simandplay/share/ament_index/resource_index/parent_prefix_path/simandplay
-- Up-to-date symlink: /workspace/ros2_ws/install/simandplay/share/simandplay/environment/ament_prefix_path.sh
-- Up-to-date symlink: /workspace/ros2_ws/install/simandplay/share/simandplay/environment/ament_prefix_path.dsv
-- Up-to-date symlink: /workspace/ros2_ws/install/simandplay/share/simandplay/environment/path.sh
-- Up-to-date symlink: /workspace/ros2_ws/install/simandplay/share/simandplay/environment/path.dsv
-- Up-to-date symlink: /workspace/ros2_ws/install/simandplay/share/simandplay/local_setup.bash
-- Up-to-date symlink: /workspace/ros2_ws/install/simandplay/share/simandplay/local_setup.sh
-- Up-to-date symlink: /workspace/ros2_ws/install/simandplay/share/simandplay/local_setup.zsh
-- Up-to-date symlink: /workspace/ros2_ws/install/simandplay/share/simandplay/local_setup.dsv
-- Symlinking: /workspace/ros2_ws/install/simandplay/share/simandplay/package.dsv
-- Up-to-date symlink: /workspace/ros2_ws/install/simandplay/share/ament_index/resource_index/packages/simandplay
-- Up-to-date symlink: /workspace/ros2_ws/install/simandplay/share/simandplay/cmake/simandplayConfig.cmake
-- Up-to-date symlink: /workspace/ros2_ws/install/simandplay/share/simandplay/cmake/simandplayConfig-version.cmake
-- Up-to-date symlink: /workspace/ros2_ws/install/simandplay/share/simandplay/package.xml
