[0.022s] Invoking command in '/workspace/ros2_ws/build/simandplay': CMAKE_PREFIX_PATH=/opt/ros/humble /usr/bin/cmake --build /workspace/ros2_ws/build/simandplay -- -j16 -l16
[0.062s] -- Found ament_cmake: 1.3.14 (/opt/ros/humble/share/ament_cmake/cmake)
[0.255s] -- Override CMake install command with custom implementation using symlinks instead of copying resources
[0.376s] -- Configuring done
[0.382s] -- Generating done
[0.385s] -- Build files have been written to: /workspace/ros2_ws/build/simandplay
[0.421s] Invoked command in '/workspace/ros2_ws/build/simandplay' returned '0': CMAKE_PREFIX_PATH=/opt/ros/humble /usr/bin/cmake --build /workspace/ros2_ws/build/simandplay -- -j16 -l16
[0.436s] Invoking command in '/workspace/ros2_ws/build/simandplay': CMAKE_PREFIX_PATH=/opt/ros/humble /usr/bin/cmake --install /workspace/ros2_ws/build/simandplay
[0.448s] -- Install configuration: ""
[0.449s] -- Execute custom install script
[0.450s] -- Up-to-date symlink: /workspace/ros2_ws/install/simandplay/share/simandplay/launch/sim.launch.py
[0.451s] -- Up-to-date symlink: /workspace/ros2_ws/install/simandplay/share/simandplay/urdf/robot.urdf.xacro
[0.452s] -- Up-to-date symlink: /workspace/ros2_ws/install/simandplay/share/simandplay/worlds/simple_room.sdf
[0.453s] -- Up-to-date symlink: /workspace/ros2_ws/install/simandplay/share/simandplay/config/foxglove_layout.json
[0.454s] -- Symlinking: /workspace/ros2_ws/install/simandplay/share/simandplay/models/robot.sdf
[0.467s] -- Up-to-date symlink: /workspace/ros2_ws/install/simandplay/share/ament_index/resource_index/package_run_dependencies/simandplay
[0.467s] -- Up-to-date symlink: /workspace/ros2_ws/install/simandplay/share/ament_index/resource_index/parent_prefix_path/simandplay
[0.467s] -- Up-to-date symlink: /workspace/ros2_ws/install/simandplay/share/simandplay/environment/ament_prefix_path.sh
[0.467s] -- Up-to-date symlink: /workspace/ros2_ws/install/simandplay/share/simandplay/environment/ament_prefix_path.dsv
[0.468s] -- Up-to-date symlink: /workspace/ros2_ws/install/simandplay/share/simandplay/environment/path.sh
[0.468s] -- Up-to-date symlink: /workspace/ros2_ws/install/simandplay/share/simandplay/environment/path.dsv
[0.468s] -- Up-to-date symlink: /workspace/ros2_ws/install/simandplay/share/simandplay/local_setup.bash
[0.469s] -- Up-to-date symlink: /workspace/ros2_ws/install/simandplay/share/simandplay/local_setup.sh
[0.469s] -- Up-to-date symlink: /workspace/ros2_ws/install/simandplay/share/simandplay/local_setup.zsh
[0.469s] -- Up-to-date symlink: /workspace/ros2_ws/install/simandplay/share/simandplay/local_setup.dsv
[0.469s] -- Symlinking: /workspace/ros2_ws/install/simandplay/share/simandplay/package.dsv
[0.483s] -- Up-to-date symlink: /workspace/ros2_ws/install/simandplay/share/ament_index/resource_index/packages/simandplay
[0.483s] -- Up-to-date symlink: /workspace/ros2_ws/install/simandplay/share/simandplay/cmake/simandplayConfig.cmake
[0.483s] -- Up-to-date symlink: /workspace/ros2_ws/install/simandplay/share/simandplay/cmake/simandplayConfig-version.cmake
[0.483s] -- Up-to-date symlink: /workspace/ros2_ws/install/simandplay/share/simandplay/package.xml
[0.487s] Invoked command in '/workspace/ros2_ws/build/simandplay' returned '0': CMAKE_PREFIX_PATH=/opt/ros/humble /usr/bin/cmake --install /workspace/ros2_ws/build/simandplay
