-- The C compiler identification is GNU 11.4.0
-- The CXX compiler identification is GNU 11.4.0
-- Detecting C compiler ABI info
-- Detecting C compiler ABI info - done
-- Check for working C compiler: /usr/bin/cc - skipped
-- Detecting C compile features
-- Detecting C compile features - done
-- Detecting CXX compiler ABI info
-- Detecting CXX compiler ABI info - done
-- Check for working CXX compiler: /usr/bin/c++ - skipped
-- Detecting CXX compile features
-- Detecting CXX compile features - done
-- Found ament_cmake: 1.3.14 (/opt/ros/humble/share/ament_cmake/cmake)
-- Found Python3: /usr/bin/python3 (found version "3.10.12") found components: Interpreter 
-- Override CMake install command with custom implementation using symlinks instead of copying resources
-- Configuring done
-- Generating done
-- Build files have been written to: /workspace/ros2_ws/build/simandplay
-- Install configuration: ""
-- Execute custom install script
-- Symlinking: /workspace/ros2_ws/install/simandplay/share/simandplay/launch/sim.launch.py
-- Symlinking: /workspace/ros2_ws/install/simandplay/share/simandplay/urdf/robot.urdf.xacro
-- Symlinking: /workspace/ros2_ws/install/simandplay/share/simandplay/worlds/simple_room.sdf
-- Symlinking: /workspace/ros2_ws/install/simandplay/share/simandplay/config/foxglove_layout.json
-- Symlinking: /workspace/ros2_ws/install/simandplay/share/ament_index/resource_index/package_run_dependencies/simandplay
-- Symlinking: /workspace/ros2_ws/install/simandplay/share/ament_index/resource_index/parent_prefix_path/simandplay
-- Symlinking: /workspace/ros2_ws/install/simandplay/share/simandplay/environment/ament_prefix_path.sh
-- Symlinking: /workspace/ros2_ws/install/simandplay/share/simandplay/environment/ament_prefix_path.dsv
-- Symlinking: /workspace/ros2_ws/install/simandplay/share/simandplay/environment/path.sh
-- Symlinking: /workspace/ros2_ws/install/simandplay/share/simandplay/environment/path.dsv
-- Symlinking: /workspace/ros2_ws/install/simandplay/share/simandplay/local_setup.bash
-- Symlinking: /workspace/ros2_ws/install/simandplay/share/simandplay/local_setup.sh
-- Symlinking: /workspace/ros2_ws/install/simandplay/share/simandplay/local_setup.zsh
-- Symlinking: /workspace/ros2_ws/install/simandplay/share/simandplay/local_setup.dsv
-- Symlinking: /workspace/ros2_ws/install/simandplay/share/simandplay/package.dsv
-- Symlinking: /workspace/ros2_ws/install/simandplay/share/ament_index/resource_index/packages/simandplay
-- Symlinking: /workspace/ros2_ws/install/simandplay/share/simandplay/cmake/simandplayConfig.cmake
-- Symlinking: /workspace/ros2_ws/install/simandplay/share/simandplay/cmake/simandplayConfig-version.cmake
-- Symlinking: /workspace/ros2_ws/install/simandplay/share/simandplay/package.xml
