[0.009s] Invoking command in '/workspace/ros2_ws/build/simandplay': CMAKE_PREFIX_PATH=/opt/ros/humble /usr/bin/cmake /workspace/ros2_ws/src/simandplay -DAMENT_CMAKE_SYMLINK_INSTALL=1 -DCMAKE_INSTALL_PREFIX=/workspace/ros2_ws/install/simandplay
[0.094s] -- The C compiler identification is GNU 11.4.0
[0.165s] -- The CXX compiler identification is GNU 11.4.0
[0.179s] -- Detecting C compiler ABI info
[0.283s] -- Detecting C compiler ABI info - done
[0.291s] -- Check for working C compiler: /usr/bin/cc - skipped
[0.291s] -- Detecting C compile features
[0.292s] -- Detecting C compile features - done
[0.294s] -- Detecting CXX compiler ABI info
[0.394s] -- Detecting CXX compiler ABI info - done
[0.403s] -- Check for working CXX compiler: /usr/bin/c++ - skipped
[0.403s] -- Detecting CXX compile features
[0.404s] -- Detecting CXX compile features - done
[0.406s] -- Found ament_cmake: 1.3.14 (/opt/ros/humble/share/ament_cmake/cmake)
[0.555s] -- Found Python3: /usr/bin/python3 (found version "3.10.12") found components: Interpreter 
[0.616s] -- Override CMake install command with custom implementation using symlinks instead of copying resources
[0.706s] -- Configuring done
[0.721s] -- Generating done
[0.725s] -- Build files have been written to: /workspace/ros2_ws/build/simandplay
[0.729s] Invoked command in '/workspace/ros2_ws/build/simandplay' returned '0': CMAKE_PREFIX_PATH=/opt/ros/humble /usr/bin/cmake /workspace/ros2_ws/src/simandplay -DAMENT_CMAKE_SYMLINK_INSTALL=1 -DCMAKE_INSTALL_PREFIX=/workspace/ros2_ws/install/simandplay
[0.730s] Invoking command in '/workspace/ros2_ws/build/simandplay': CMAKE_PREFIX_PATH=/opt/ros/humble /usr/bin/cmake --build /workspace/ros2_ws/build/simandplay -- -j16 -l16
[0.794s] Invoked command in '/workspace/ros2_ws/build/simandplay' returned '0': CMAKE_PREFIX_PATH=/opt/ros/humble /usr/bin/cmake --build /workspace/ros2_ws/build/simandplay -- -j16 -l16
[0.807s] Invoking command in '/workspace/ros2_ws/build/simandplay': CMAKE_PREFIX_PATH=/opt/ros/humble /usr/bin/cmake --install /workspace/ros2_ws/build/simandplay
[0.819s] -- Install configuration: ""
[0.819s] -- Execute custom install script
[0.820s] -- Symlinking: /workspace/ros2_ws/install/simandplay/share/simandplay/launch/sim.launch.py
[0.838s] -- Symlinking: /workspace/ros2_ws/install/simandplay/share/simandplay/urdf/robot.urdf.xacro
[0.861s] -- Symlinking: /workspace/ros2_ws/install/simandplay/share/simandplay/worlds/simple_room.sdf
[0.875s] -- Symlinking: /workspace/ros2_ws/install/simandplay/share/simandplay/config/foxglove_layout.json
[0.889s] -- Symlinking: /workspace/ros2_ws/install/simandplay/share/ament_index/resource_index/package_run_dependencies/simandplay
[0.904s] -- Symlinking: /workspace/ros2_ws/install/simandplay/share/ament_index/resource_index/parent_prefix_path/simandplay
[0.917s] -- Symlinking: /workspace/ros2_ws/install/simandplay/share/simandplay/environment/ament_prefix_path.sh
[0.932s] -- Symlinking: /workspace/ros2_ws/install/simandplay/share/simandplay/environment/ament_prefix_path.dsv
[0.945s] -- Symlinking: /workspace/ros2_ws/install/simandplay/share/simandplay/environment/path.sh
[0.962s] -- Symlinking: /workspace/ros2_ws/install/simandplay/share/simandplay/environment/path.dsv
[0.969s] -- Symlinking: /workspace/ros2_ws/install/simandplay/share/simandplay/local_setup.bash
[0.984s] -- Symlinking: /workspace/ros2_ws/install/simandplay/share/simandplay/local_setup.sh
[0.998s] -- Symlinking: /workspace/ros2_ws/install/simandplay/share/simandplay/local_setup.zsh
[1.012s] -- Symlinking: /workspace/ros2_ws/install/simandplay/share/simandplay/local_setup.dsv
[1.024s] -- Symlinking: /workspace/ros2_ws/install/simandplay/share/simandplay/package.dsv
[1.042s] -- Symlinking: /workspace/ros2_ws/install/simandplay/share/ament_index/resource_index/packages/simandplay
[1.061s] -- Symlinking: /workspace/ros2_ws/install/simandplay/share/simandplay/cmake/simandplayConfig.cmake
[1.073s] -- Symlinking: /workspace/ros2_ws/install/simandplay/share/simandplay/cmake/simandplayConfig-version.cmake
[1.089s] -- Symlinking: /workspace/ros2_ws/install/simandplay/share/simandplay/package.xml
[1.099s] Invoked command in '/workspace/ros2_ws/build/simandplay' returned '0': CMAKE_PREFIX_PATH=/opt/ros/humble /usr/bin/cmake --install /workspace/ros2_ws/build/simandplay
